// Jest Snapshot v1, https://goo.gl/fbAQLP

exports[`Main tests should match snapshot on initial render 1`] = `
Object {
  "asFragment": [Function],
  "baseElement": <body>
    <div>
      <div>
        <div
          class="sc-bcXHqe jnCFJK"
        >
          <input
            class="sc-gswNZR hAgmCS"
            data-testid="filter"
            placeholder="Search by id"
            type="number"
            value=""
          />
        </div>
        <div
          class="sc-fEXmlR iFeXHN"
        >
          <div
            class="sc-eDWCr jhZGKn"
            color=""
          >
            <h3
              class="sc-bqWxrE grVcgM"
            >
              Item id: 
              0
            </h3>
            <h1
              class="sc-ksBlkl gYWRFf"
            />
            <span
              class="sc-fnGiBr kaJPKD"
            >
              Click for more...
            </span>
            <h2
              class="sc-hBxehG dvtxCh"
            >
              0
            </h2>
          </div>
        </div>
        <div
          class="sc-dkrFOg bSuhkq"
        >
          <button
            class="sc-hLBbgP jcMiJo"
            disabled=""
          >
            <svg
              aria-hidden="true"
              class="MuiSvgIcon-root MuiSvgIcon-fontSizeLarge css-tzssek-MuiSvgIcon-root"
              data-testid="ArrowBackIosIcon"
              focusable="false"
              viewBox="0 0 24 24"
            >
              <path
                d="M11.67 3.87 9.9 2.1 0 12l9.9 9.9 1.77-1.77L3.54 12z"
              />
            </svg>
          </button>
          <button
            class="sc-hLBbgP jcMiJo"
            data-testid="pagination-right-arrow"
            disabled=""
          >
            <svg
              aria-hidden="true"
              class="MuiSvgIcon-root MuiSvgIcon-fontSizeLarge css-tzssek-MuiSvgIcon-root"
              data-testid="ArrowForwardIosIcon"
              focusable="false"
              viewBox="0 0 24 24"
            >
              <path
                d="M6.23 20.23 8 22l10-10L8 2 6.23 3.77 14.46 12z"
              />
            </svg>
          </button>
        </div>
      </div>
    </div>
  </body>,
  "container": <div>
    <div>
      <div
        class="sc-bcXHqe jnCFJK"
      >
        <input
          class="sc-gswNZR hAgmCS"
          data-testid="filter"
          placeholder="Search by id"
          type="number"
          value=""
        />
      </div>
      <div
        class="sc-fEXmlR iFeXHN"
      >
        <div
          class="sc-eDWCr jhZGKn"
          color=""
        >
          <h3
            class="sc-bqWxrE grVcgM"
          >
            Item id: 
            0
          </h3>
          <h1
            class="sc-ksBlkl gYWRFf"
          />
          <span
            class="sc-fnGiBr kaJPKD"
          >
            Click for more...
          </span>
          <h2
            class="sc-hBxehG dvtxCh"
          >
            0
          </h2>
        </div>
      </div>
      <div
        class="sc-dkrFOg bSuhkq"
      >
        <button
          class="sc-hLBbgP jcMiJo"
          disabled=""
        >
          <svg
            aria-hidden="true"
            class="MuiSvgIcon-root MuiSvgIcon-fontSizeLarge css-tzssek-MuiSvgIcon-root"
            data-testid="ArrowBackIosIcon"
            focusable="false"
            viewBox="0 0 24 24"
          >
            <path
              d="M11.67 3.87 9.9 2.1 0 12l9.9 9.9 1.77-1.77L3.54 12z"
            />
          </svg>
        </button>
        <button
          class="sc-hLBbgP jcMiJo"
          data-testid="pagination-right-arrow"
          disabled=""
        >
          <svg
            aria-hidden="true"
            class="MuiSvgIcon-root MuiSvgIcon-fontSizeLarge css-tzssek-MuiSvgIcon-root"
            data-testid="ArrowForwardIosIcon"
            focusable="false"
            viewBox="0 0 24 24"
          >
            <path
              d="M6.23 20.23 8 22l10-10L8 2 6.23 3.77 14.46 12z"
            />
          </svg>
        </button>
      </div>
    </div>
  </div>,
  "debug": [Function],
  "findAllByAltText": [Function],
  "findAllByDisplayValue": [Function],
  "findAllByLabelText": [Function],
  "findAllByPlaceholderText": [Function],
  "findAllByRole": [Function],
  "findAllByTestId": [Function],
  "findAllByText": [Function],
  "findAllByTitle": [Function],
  "findByAltText": [Function],
  "findByDisplayValue": [Function],
  "findByLabelText": [Function],
  "findByPlaceholderText": [Function],
  "findByRole": [Function],
  "findByTestId": [Function],
  "findByText": [Function],
  "findByTitle": [Function],
  "getAllByAltText": [Function],
  "getAllByDisplayValue": [Function],
  "getAllByLabelText": [Function],
  "getAllByPlaceholderText": [Function],
  "getAllByRole": [Function],
  "getAllByTestId": [Function],
  "getAllByText": [Function],
  "getAllByTitle": [Function],
  "getByAltText": [Function],
  "getByDisplayValue": [Function],
  "getByLabelText": [Function],
  "getByPlaceholderText": [Function],
  "getByRole": [Function],
  "getByTestId": [Function],
  "getByText": [Function],
  "getByTitle": [Function],
  "queryAllByAltText": [Function],
  "queryAllByDisplayValue": [Function],
  "queryAllByLabelText": [Function],
  "queryAllByPlaceholderText": [Function],
  "queryAllByRole": [Function],
  "queryAllByTestId": [Function],
  "queryAllByText": [Function],
  "queryAllByTitle": [Function],
  "queryByAltText": [Function],
  "queryByDisplayValue": [Function],
  "queryByLabelText": [Function],
  "queryByPlaceholderText": [Function],
  "queryByRole": [Function],
  "queryByTestId": [Function],
  "queryByText": [Function],
  "queryByTitle": [Function],
  "rerender": [Function],
  "store": Object {
    "@@observable": [Function],
    "dispatch": [Function],
    "getState": [Function],
    "replaceReducer": [Function],
    "subscribe": [Function],
  },
  "unmount": [Function],
}
`;
